06/02/20 01:25:41 ~ INFO ~ blah ~ booo ~ bang ~ test
06/02/20 01:25:41 ~ ERROR ~ blah ~ booo ~ bang ~ verbose
06/02/20 01:25:41 ~ ERROR ~ blah ~ booo ~ bang ~ verbose
06/02/20 01:25:41 ~ ERROR ~ blah ~ booo ~ bang ~ verbose
06/02/20 01:25:41 ~ ERROR ~ blah ~ booo ~ bang ~ verbose
06/02/20 01:25:41 ~ ERROR ~ blah ~ booo ~ bang ~ verbose
06/02/20 01:25:41 ~ ERROR ~ blah ~ booo ~ bang ~ verbose
06/02/20 01:25:41 ~ ERROR ~ blah ~ booo ~ bang ~ verbose
06/02/20 01:25:41 ~ ERROR ~ blah ~ booo ~ bang ~ verbose
06/02/20 01:25:41 ~ ERROR ~ blah ~ booo ~ bang ~ verbose
06/02/20 01:25:41 ~ WARNING ~ blah ~ booo ~ bang ~ verbose
06/02/20 01:25:41 ~ SUCCESS ~ blah ~ booo ~ bang ~ verbose
